// Jest Snapshot v1, https://goo.gl/fbAQLP

exports[`fozzie-reset CSS files compiles the expected CSS file 1`] = `
"html {
  line-height: 1.15;
  -webkit-text-size-adjust: 100%;
}

body {
  margin: 0;
}

main {
  display: block;
}

h1 {
  font-size: 2em;
  margin: 0.67em 0;
}

hr {
  box-sizing: content-box;
  height: 0;
  overflow: visible;
}

pre {
  font-family: monospace;
  font-size: 1em;
}

a {
  background-color: transparent;
}

abbr[title] {
  border-bottom: none;
  text-decoration: underline;
  -webkit-text-decoration: underline dotted;
          text-decoration: underline dotted;
}

b,
strong {
  font-weight: bolder;
}

code,
kbd,
samp {
  font-family: monospace;
  font-size: 1em;
}

small {
  font-size: 80%;
}

sub,
sup {
  font-size: 75%;
  line-height: 0;
  position: relative;
  vertical-align: baseline;
}

sub {
  bottom: -0.25em;
}

sup {
  top: -0.5em;
}

img {
  border-style: none;
}

button,
input,
optgroup,
select,
textarea {
  font-family: inherit;
  font-size: 100%;
  line-height: 1.15;
  margin: 0;
}

button,
input {
  overflow: visible;
}

button,
select {
  text-transform: none;
}

button,
[type=button],
[type=reset],
[type=submit] {
  -webkit-appearance: button;
}

button::-moz-focus-inner,
[type=button]::-moz-focus-inner,
[type=reset]::-moz-focus-inner,
[type=submit]::-moz-focus-inner {
  border-style: none;
  padding: 0;
}

button:-moz-focusring,
[type=button]:-moz-focusring,
[type=reset]:-moz-focusring,
[type=submit]:-moz-focusring {
  outline: 1px dotted ButtonText;
}

fieldset {
  padding: 0.35em 0.75em 0.625em;
}

legend {
  box-sizing: border-box;
  color: inherit;
  display: table;
  max-width: 100%;
  padding: 0;
  white-space: normal;
}

progress {
  vertical-align: baseline;
}

textarea {
  overflow: auto;
}

[type=checkbox],
[type=radio] {
  box-sizing: border-box;
  padding: 0;
}

[type=number]::-webkit-inner-spin-button,
[type=number]::-webkit-outer-spin-button {
  height: auto;
}

[type=search] {
  -webkit-appearance: textfield;
  outline-offset: -2px;
}

[type=search]::-webkit-search-decoration {
  -webkit-appearance: none;
}

::-webkit-file-upload-button {
  -webkit-appearance: button;
  font: inherit;
}

details {
  display: block;
}

summary {
  display: list-item;
}

template {
  display: none;
}

[hidden] {
  display: none;
}

html {
  box-sizing: border-box;
}

*,
*:before,
*:after {
  box-sizing: inherit;
}

/*# sourceMappingURL=fozzie-reset.css.map */"
`;

exports[`fozzie-reset CSS files compiles the expected minified CSS file 1`] = `"html{-webkit-text-size-adjust:100%;line-height:1.15}body{margin:0}main{display:block}h1{font-size:2em;margin:.67em 0}hr{box-sizing:content-box;height:0;overflow:visible}pre{font-family:monospace;font-size:1em}a{background-color:transparent}abbr[title]{border-bottom:none;text-decoration:underline;-webkit-text-decoration:underline dotted;text-decoration:underline dotted}b,strong{font-weight:bolder}code,kbd,samp{font-family:monospace;font-size:1em}small{font-size:80%}sub,sup{font-size:75%;line-height:0;position:relative;vertical-align:baseline}sub{bottom:-.25em}sup{top:-.5em}img{border-style:none}button,input,optgroup,select,textarea{font-family:inherit;font-size:100%;line-height:1.15;margin:0}button,input{overflow:visible}button,select{text-transform:none}[type=button],[type=reset],[type=submit],button{-webkit-appearance:button}[type=button]::-moz-focus-inner,[type=reset]::-moz-focus-inner,[type=submit]::-moz-focus-inner,button::-moz-focus-inner{border-style:none;padding:0}[type=button]:-moz-focusring,[type=reset]:-moz-focusring,[type=submit]:-moz-focusring,button:-moz-focusring{outline:1px dotted ButtonText}fieldset{padding:.35em .75em .625em}legend{box-sizing:border-box;color:inherit;display:table;max-width:100%;padding:0;white-space:normal}progress{vertical-align:baseline}textarea{overflow:auto}[type=checkbox],[type=radio]{box-sizing:border-box;padding:0}[type=number]::-webkit-inner-spin-button,[type=number]::-webkit-outer-spin-button{height:auto}[type=search]{-webkit-appearance:textfield;outline-offset:-2px}[type=search]::-webkit-search-decoration{-webkit-appearance:none}::-webkit-file-upload-button{-webkit-appearance:button;font:inherit}details{display:block}summary{display:list-item}template{display:none}[hidden]{display:none}html{box-sizing:border-box}*,:after,:before{box-sizing:inherit}"`;

exports[`fozzie-reset sourcemap file compiles the expected sourcemap file 1`] = `"{"version":3,"sources":["../../src/scss/base/_normalize.scss","fozzie-reset.css","../../src/scss/base/_reset.scss"],"names":[],"mappings":"AAQE;EACE,iBAAA;EACA,8BAAA;ACPJ;;ADcE;EACE,SAAA;ACXJ;;ADeE;EACE,cAAA;ACZJ;;ADiBE;EACE,cAAA;EACA,gBAAA;ACdJ;;ADsBE;EACE,uBAAA;EACA,SAAA;EACA,iBAAA;ACnBJ;;ADwBE;EACE,sBAAA;EACA,cAAA;ACrBJ;;AD4BE;EACE,6BAAA;ACzBJ;;AD8BE;EACE,mBAAA;EACA,0BAAA;EACA,yCAAA;UAAA,iCAAA;AC3BJ;;AD+BE;;EAEE,mBAAA;AC5BJ;;ADiCE;;;EAGE,sBAAA;EACA,cAAA;AC9BJ;;ADkCE;EACE,cAAA;AC/BJ;;ADoCE;;EAEE,cAAA;EACA,cAAA;EACA,kBAAA;EACA,wBAAA;ACjCJ;;ADoCE;EACE,eAAA;ACjCJ;;ADoCE;EACE,WAAA;ACjCJ;;ADwCE;EACE,kBAAA;ACrCJ;;AD6CE;;;;;EAKE,oBAAA;EACA,eAAA;EACA,iBAAA;EACA,SAAA;AC1CJ;;AD+CE;;EAEE,iBAAA;AC5CJ;;ADiDE;;EAEE,oBAAA;AC9CJ;;ADkDE;;;;EAIE,0BAAA;AC/CJ;;ADmDE;;;;EAIE,kBAAA;EACA,UAAA;AChDJ;;ADoDE;;;;EAIE,8BAAA;ACjDJ;;ADqDE;EACE,8BAAA;AClDJ;;ADyDE;EACE,sBAAA;EACA,cAAA;EACA,cAAA;EACA,eAAA;EACA,UAAA;EACA,mBAAA;ACtDJ;;AD0DE;EACE,wBAAA;ACvDJ;;AD2DE;EACE,cAAA;ACxDJ;;AD6DE;;EAEE,sBAAA;EACA,UAAA;AC1DJ;;AD8DE;;EAEE,YAAA;AC3DJ;;ADgEE;EACE,6BAAA;EACA,oBAAA;AC7DJ;;ADiEE;EACE,wBAAA;AC9DJ;;ADmEE;EACE,0BAAA;EACA,aAAA;AChEJ;;ADuEE;EACE,cAAA;ACpEJ;;ADwEE;EACE,kBAAA;ACrEJ;;AD4EE;EACE,aAAA;ACzEJ;;AD6EE;EACE,aAAA;AC1EJ;;ACvKI;EACI,sBAAA;AD0KR;;ACvKI;;;EAGI,mBAAA;AD0KR","file":"fozzie-reset.css"}"`;
