// Jest Snapshot v1, https://goo.gl/fbAQLP

exports[`fozzie-utilities CSS files compiles the expected CSS file 1`] = `
".u-ir {
  background-color: transparent;
  background-repeat: no-repeat;
  border: 0;
  direction: ltr;
  display: block;
  overflow: hidden;
  text-align: left;
  text-indent: -999em;
}
.u-ir br {
  display: none;
}

.u-elementFocus {
  outline: 2px solid #4996fd;
}

.u-unstyled {
  margin-top: 0;
  margin-left: 0;
  padding: 0;
  list-style: none;
  list-style-image: none;
}
.u-unstyled > li {
  margin-bottom: 0;
}
.u-unstyled > li:before {
  content: none;
}

.u-hideText {
  text-indent: 110%;
  white-space: nowrap;
  overflow: hidden;
}

.u-bordered {
  border: 1px solid #dbd9d7;
  padding: 24px;
  border-radius: 4px;
}

.u-elementFocus--boxShadow {
  outline: none;
  box-shadow: 0 0 0 2px #4996fd;
}

.u-focusShadow:focus,
.u-focusShadow-content:focus {
  outline: none;
}

.u-focusShadow:focus > .u-focusShadow-content {
  box-shadow: 0 0 2px 2px #4996fd;
}

.u-clearfix:after {
  content: " ";
  display: table;
  clear: both;
}

.u-lightenBg {
  background-color: #fff;
}

.u-noBorder {
  border: none !important;
}

@media (min-width: 48.001em) {
  .u-bordered--mid {
    border: 1px solid #dbd9d7;
    padding: 24px;
    border-radius: 4px;
  }
}

.is-hidden,
.no-js .is-hidden--noJS {
  display: none !important;
  visibility: hidden !important;
}

.is-shown,
.no-js .is-shown--noJS {
  display: block !important;
  visibility: visible !important;
}

.is-visuallyHidden {
  border: 0;
  clip: rect(0 0 0 0);
  height: 1px;
  margin: -1px;
  overflow: hidden;
  padding: 0;
  position: absolute;
  width: 1px;
}
.is-visuallyHidden.focusable:active, .is-visuallyHidden.focusable:focus {
  clip: auto;
  height: auto;
  margin: 0;
  overflow: visible;
  position: static;
  width: auto;
}

.is-invisible {
  visibility: hidden;
}

.u-pointer {
  cursor: pointer;
}

.is-sticky {
  width: 100%;
  z-index: 100;
  position: fixed;
  transition: top 0.2s ease;
}

.u-sticky {
  position: -webkit-sticky !important;
  position: sticky !important;
  top: 16px;
}

.u-absolutelyCentered {
  position: absolute;
  top: 50%;
  right: 50%;
  transform: translate(50%, -50%);
}

.u-noWrap {
  white-space: nowrap;
}

.u-uppercase {
  text-transform: uppercase;
}

.u-textPad {
  padding-left: 32px !important;
}

.u-text-truncate {
  white-space: nowrap;
  overflow: hidden;
  text-overflow: ellipsis;
}

.u-noUnderline {
  text-decoration: none;
}
.u-noUnderline:hover, .u-noUnderline:active, .u-noUnderline:focus {
  text-decoration: underline;
}

.u-text-centre,
.u-text-center {
  text-align: center;
}

.u-text-left {
  text-align: left;
}

.u-text-right {
  text-align: right;
}

.u-text-highlight {
  color: #d50525;
}
em.u-text-highlight {
  font-style: normal;
}

.u-text-indent {
  margin-left: 16px;
}

.u-color-text {
  color: #242e30;
}

.u-color-link {
  color: #242e30;
}

.u-color-secondary {
  color: #125fca;
}

.u-color-text--hint {
  color: #3c4c4f;
}

.u-color-text--success {
  color: #017a39;
}

.u-color-text--danger {
  color: #d50525;
}

.u-color-text--warning {
  color: #242e30;
}

.u-noSpacing {
  margin: 0 !important;
}

.u-spacingTop {
  margin-top: 8px !important;
}

.u-spacingTop--small {
  margin-top: 4px !important;
}

.u-spacingTop--large {
  margin-top: 16px !important;
}

.u-spacingRight {
  margin-right: 8px !important;
}

.u-spacingBottom {
  margin-bottom: 8px !important;
}

.u-spacingBottom--large {
  margin-bottom: 16px !important;
}

@media (min-width: 48em) {
  .u-spacingBottom--large--aboveMid {
    margin-bottom: 16px;
  }
}

.u-spacingLeft {
  margin-left: 8px !important;
}

.u-noPad {
  padding: 0 !important;
}

.u-padTop {
  padding-top: 8px !important;
}

.u-padTop--large {
  padding-top: 16px !important;
}

@media (min-width: 48em) {
  .u-padTop--large--aboveMid {
    padding-top: 16px !important;
  }
}

.u-overlay {
  background-color: rgba(0, 0, 0, 0.5);
  bottom: 0;
  left: 0;
  position: fixed;
  right: 0;
  top: 0;
}

.u-overlay--after:after {
  background-color: rgba(0, 0, 0, 0.5);
  bottom: 0;
  content: "";
  left: 0;
  position: fixed;
  right: 0;
  top: 0;
  z-index: 1;
}

.u-preventScroll {
  overflow: hidden;
}

[data-lazy-image-src] {
  display: block;
}
.no-js [data-lazy-image-src] {
  display: none;
}

.u-shadowBottom--belowMid {
  padding-bottom: 56px;
}
@media (max-width: 47.999em) {
  .u-shadowBottom--belowMid:after {
    background-color: #f5f3f1;
    border: 0;
    box-shadow: inset 0 2px 4px 0 rgba(0, 0, 0, 0.1);
    content: "";
    display: block;
    height: 56px;
    left: -8px;
    position: absolute;
    width: 100vw;
  }
}

.u-noBackground {
  background: none !important;
}

.u-hover--cursor:hover {
  cursor: pointer !important;
}

.u-spacing {
  margin: 8px !important;
}

.u-spacing-a {
  margin: 4px !important;
}

.u-spacing-b {
  margin: 8px !important;
}

.u-spacing-c {
  margin: 12px !important;
}

.u-spacing-d {
  margin: 16px !important;
}

.u-spacing-e {
  margin: 24px !important;
}

.u-spacing-f {
  margin: 32px !important;
}

.u-spacing-g {
  margin: 40px !important;
}

.u-spacing-h {
  margin: 56px !important;
}

.u-spacing-i {
  margin: 64px !important;
}

.u-spacing-j {
  margin: 80px !important;
}

.u-spacing--top {
  margin-top: 8px !important;
}

.u-spacing-a--top {
  margin-top: 4px !important;
}

.u-spacing-b--top {
  margin-top: 8px !important;
}

.u-spacing-c--top {
  margin-top: 12px !important;
}

.u-spacing-d--top {
  margin-top: 16px !important;
}

.u-spacing-e--top {
  margin-top: 24px !important;
}

.u-spacing-f--top {
  margin-top: 32px !important;
}

.u-spacing-g--top {
  margin-top: 40px !important;
}

.u-spacing-h--top {
  margin-top: 56px !important;
}

.u-spacing-i--top {
  margin-top: 64px !important;
}

.u-spacing-j--top {
  margin-top: 80px !important;
}

.u-spacing--bottom {
  margin-bottom: 8px !important;
}

.u-spacing-a--bottom {
  margin-bottom: 4px !important;
}

.u-spacing-b--bottom {
  margin-bottom: 8px !important;
}

.u-spacing-c--bottom {
  margin-bottom: 12px !important;
}

.u-spacing-d--bottom {
  margin-bottom: 16px !important;
}

.u-spacing-e--bottom {
  margin-bottom: 24px !important;
}

.u-spacing-f--bottom {
  margin-bottom: 32px !important;
}

.u-spacing-g--bottom {
  margin-bottom: 40px !important;
}

.u-spacing-h--bottom {
  margin-bottom: 56px !important;
}

.u-spacing-i--bottom {
  margin-bottom: 64px !important;
}

.u-spacing-j--bottom {
  margin-bottom: 80px !important;
}

.u-spacing--left {
  margin-left: 8px !important;
}

.u-spacing-a--left {
  margin-left: 4px !important;
}

.u-spacing-b--left {
  margin-left: 8px !important;
}

.u-spacing-c--left {
  margin-left: 12px !important;
}

.u-spacing-d--left {
  margin-left: 16px !important;
}

.u-spacing-e--left {
  margin-left: 24px !important;
}

.u-spacing-f--left {
  margin-left: 32px !important;
}

.u-spacing-g--left {
  margin-left: 40px !important;
}

.u-spacing-h--left {
  margin-left: 56px !important;
}

.u-spacing-i--left {
  margin-left: 64px !important;
}

.u-spacing-j--left {
  margin-left: 80px !important;
}

.u-spacing--right {
  margin-right: 8px !important;
}

.u-spacing-a--right {
  margin-right: 4px !important;
}

.u-spacing-b--right {
  margin-right: 8px !important;
}

.u-spacing-c--right {
  margin-right: 12px !important;
}

.u-spacing-d--right {
  margin-right: 16px !important;
}

.u-spacing-e--right {
  margin-right: 24px !important;
}

.u-spacing-f--right {
  margin-right: 32px !important;
}

.u-spacing-g--right {
  margin-right: 40px !important;
}

.u-spacing-h--right {
  margin-right: 56px !important;
}

.u-spacing-i--right {
  margin-right: 64px !important;
}

.u-spacing-j--right {
  margin-right: 80px !important;
}

.u-spacing--horizontal {
  margin-left: 8px !important;
  margin-right: 8px !important;
}

.u-spacing-a--horizontal {
  margin-left: 4px !important;
  margin-right: 4px !important;
}

.u-spacing-b--horizontal {
  margin-left: 8px !important;
  margin-right: 8px !important;
}

.u-spacing-c--horizontal {
  margin-left: 12px !important;
  margin-right: 12px !important;
}

.u-spacing-d--horizontal {
  margin-left: 16px !important;
  margin-right: 16px !important;
}

.u-spacing-e--horizontal {
  margin-left: 24px !important;
  margin-right: 24px !important;
}

.u-spacing-f--horizontal {
  margin-left: 32px !important;
  margin-right: 32px !important;
}

.u-spacing-g--horizontal {
  margin-left: 40px !important;
  margin-right: 40px !important;
}

.u-spacing-h--horizontal {
  margin-left: 56px !important;
  margin-right: 56px !important;
}

.u-spacing-i--horizontal {
  margin-left: 64px !important;
  margin-right: 64px !important;
}

.u-spacing-j--horizontal {
  margin-left: 80px !important;
  margin-right: 80px !important;
}

.u-spacing--vertical {
  margin-bottom: 8px !important;
  margin-top: 8px !important;
}

.u-spacing-a--vertical {
  margin-bottom: 4px !important;
  margin-top: 4px !important;
}

.u-spacing-b--vertical {
  margin-bottom: 8px !important;
  margin-top: 8px !important;
}

.u-spacing-c--vertical {
  margin-bottom: 12px !important;
  margin-top: 12px !important;
}

.u-spacing-d--vertical {
  margin-bottom: 16px !important;
  margin-top: 16px !important;
}

.u-spacing-e--vertical {
  margin-bottom: 24px !important;
  margin-top: 24px !important;
}

.u-spacing-f--vertical {
  margin-bottom: 32px !important;
  margin-top: 32px !important;
}

.u-spacing-g--vertical {
  margin-bottom: 40px !important;
  margin-top: 40px !important;
}

.u-spacing-h--vertical {
  margin-bottom: 56px !important;
  margin-top: 56px !important;
}

.u-spacing-i--vertical {
  margin-bottom: 64px !important;
  margin-top: 64px !important;
}

.u-spacing-j--vertical {
  margin-bottom: 80px !important;
  margin-top: 80px !important;
}

.u-pad {
  padding: 8px !important;
}

.u-pad-a {
  padding: 4px !important;
}

.u-pad-b {
  padding: 8px !important;
}

.u-pad-c {
  padding: 12px !important;
}

.u-pad-d {
  padding: 16px !important;
}

.u-pad-e {
  padding: 24px !important;
}

.u-pad-f {
  padding: 32px !important;
}

.u-pad-g {
  padding: 40px !important;
}

.u-pad-h {
  padding: 56px !important;
}

.u-pad-i {
  padding: 64px !important;
}

.u-pad-j {
  padding: 80px !important;
}

.u-pad--top {
  padding-top: 8px !important;
}

.u-pad-a--top {
  padding-top: 4px !important;
}

.u-pad-b--top {
  padding-top: 8px !important;
}

.u-pad-c--top {
  padding-top: 12px !important;
}

.u-pad-d--top {
  padding-top: 16px !important;
}

.u-pad-e--top {
  padding-top: 24px !important;
}

.u-pad-f--top {
  padding-top: 32px !important;
}

.u-pad-g--top {
  padding-top: 40px !important;
}

.u-pad-h--top {
  padding-top: 56px !important;
}

.u-pad-i--top {
  padding-top: 64px !important;
}

.u-pad-j--top {
  padding-top: 80px !important;
}

.u-pad--bottom {
  padding-bottom: 8px !important;
}

.u-pad-a--bottom {
  padding-bottom: 4px !important;
}

.u-pad-b--bottom {
  padding-bottom: 8px !important;
}

.u-pad-c--bottom {
  padding-bottom: 12px !important;
}

.u-pad-d--bottom {
  padding-bottom: 16px !important;
}

.u-pad-e--bottom {
  padding-bottom: 24px !important;
}

.u-pad-f--bottom {
  padding-bottom: 32px !important;
}

.u-pad-g--bottom {
  padding-bottom: 40px !important;
}

.u-pad-h--bottom {
  padding-bottom: 56px !important;
}

.u-pad-i--bottom {
  padding-bottom: 64px !important;
}

.u-pad-j--bottom {
  padding-bottom: 80px !important;
}

.u-pad--left {
  padding-left: 8px !important;
}

.u-pad-a--left {
  padding-left: 4px !important;
}

.u-pad-b--left {
  padding-left: 8px !important;
}

.u-pad-c--left {
  padding-left: 12px !important;
}

.u-pad-d--left {
  padding-left: 16px !important;
}

.u-pad-e--left {
  padding-left: 24px !important;
}

.u-pad-f--left {
  padding-left: 32px !important;
}

.u-pad-g--left {
  padding-left: 40px !important;
}

.u-pad-h--left {
  padding-left: 56px !important;
}

.u-pad-i--left {
  padding-left: 64px !important;
}

.u-pad-j--left {
  padding-left: 80px !important;
}

.u-pad--right {
  padding-right: 8px !important;
}

.u-pad-a--right {
  padding-right: 4px !important;
}

.u-pad-b--right {
  padding-right: 8px !important;
}

.u-pad-c--right {
  padding-right: 12px !important;
}

.u-pad-d--right {
  padding-right: 16px !important;
}

.u-pad-e--right {
  padding-right: 24px !important;
}

.u-pad-f--right {
  padding-right: 32px !important;
}

.u-pad-g--right {
  padding-right: 40px !important;
}

.u-pad-h--right {
  padding-right: 56px !important;
}

.u-pad-i--right {
  padding-right: 64px !important;
}

.u-pad-j--right {
  padding-right: 80px !important;
}

.u-pad--horizontal {
  padding-left: 8px !important;
  padding-right: 8px !important;
}

.u-pad-a--horizontal {
  padding-left: 4px !important;
  padding-right: 4px !important;
}

.u-pad-b--horizontal {
  padding-left: 8px !important;
  padding-right: 8px !important;
}

.u-pad-c--horizontal {
  padding-left: 12px !important;
  padding-right: 12px !important;
}

.u-pad-d--horizontal {
  padding-left: 16px !important;
  padding-right: 16px !important;
}

.u-pad-e--horizontal {
  padding-left: 24px !important;
  padding-right: 24px !important;
}

.u-pad-f--horizontal {
  padding-left: 32px !important;
  padding-right: 32px !important;
}

.u-pad-g--horizontal {
  padding-left: 40px !important;
  padding-right: 40px !important;
}

.u-pad-h--horizontal {
  padding-left: 56px !important;
  padding-right: 56px !important;
}

.u-pad-i--horizontal {
  padding-left: 64px !important;
  padding-right: 64px !important;
}

.u-pad-j--horizontal {
  padding-left: 80px !important;
  padding-right: 80px !important;
}

.u-pad--vertical {
  padding-bottom: 8px !important;
  padding-top: 8px !important;
}

.u-pad-a--vertical {
  padding-bottom: 4px !important;
  padding-top: 4px !important;
}

.u-pad-b--vertical {
  padding-bottom: 8px !important;
  padding-top: 8px !important;
}

.u-pad-c--vertical {
  padding-bottom: 12px !important;
  padding-top: 12px !important;
}

.u-pad-d--vertical {
  padding-bottom: 16px !important;
  padding-top: 16px !important;
}

.u-pad-e--vertical {
  padding-bottom: 24px !important;
  padding-top: 24px !important;
}

.u-pad-f--vertical {
  padding-bottom: 32px !important;
  padding-top: 32px !important;
}

.u-pad-g--vertical {
  padding-bottom: 40px !important;
  padding-top: 40px !important;
}

.u-pad-h--vertical {
  padding-bottom: 56px !important;
  padding-top: 56px !important;
}

.u-pad-i--vertical {
  padding-bottom: 64px !important;
  padding-top: 64px !important;
}

.u-pad-j--vertical {
  padding-bottom: 80px !important;
  padding-top: 80px !important;
}

@media (min-width: 25.875em) {
  .u-showBelowNarrow {
    display: none !important;
  }
}

@media (min-width: 48em) {
  .u-showBelowMid {
    display: none !important;
  }
}

@media (min-width: 64.0625em) {
  .u-showBelowWide {
    display: none !important;
  }
}

@media (min-width: 80em) {
  .u-showBelowHuge {
    display: none !important;
  }
}

@media (max-width: 25.875em) {
  .u-showAboveNarrow {
    display: none !important;
  }
}

@media (max-width: 23.4375em) {
  .u-showAboveTiny {
    display: none !important;
  }
}

@media (max-width: 47.999em) {
  .u-showAboveMid,
.no-js .u-showAboveMid--noJS {
    display: none !important;
  }
}

@media (max-width: 64.0615em) {
  .u-showAboveWide {
    display: none !important;
  }
}

@media (max-width: 79.999em) {
  .u-showAboveHuge {
    display: none !important;
  }
}

/*# sourceMappingURL=fozzie-utilities.css.map */"
`;

exports[`fozzie-utilities CSS files compiles the expected minified CSS file 1`] = `".u-ir{background-color:transparent;background-repeat:no-repeat;border:0;direction:ltr;display:block;overflow:hidden;text-align:left;text-indent:-999em}.u-ir br{display:none}.u-elementFocus{outline:2px solid #4996fd}.u-unstyled{list-style:none;list-style-image:none;margin-left:0;margin-top:0;padding:0}.u-unstyled>li{margin-bottom:0}.u-unstyled>li:before{content:none}.u-hideText{overflow:hidden;text-indent:110%;white-space:nowrap}.u-bordered{border:1px solid #dbd9d7;border-radius:4px;padding:24px}.u-elementFocus--boxShadow{box-shadow:0 0 0 2px #4996fd;outline:none}.u-focusShadow-content:focus,.u-focusShadow:focus{outline:none}.u-focusShadow:focus>.u-focusShadow-content{box-shadow:0 0 2px 2px #4996fd}.u-clearfix:after{clear:both;content:" ";display:table}.u-lightenBg{background-color:#fff}.u-noBorder{border:none!important}@media (min-width:48.001em){.u-bordered--mid{border:1px solid #dbd9d7;border-radius:4px;padding:24px}}.is-hidden,.no-js .is-hidden--noJS{display:none!important;visibility:hidden!important}.is-shown,.no-js .is-shown--noJS{display:block!important;visibility:visible!important}.is-visuallyHidden{clip:rect(0 0 0 0);border:0;height:1px;margin:-1px;overflow:hidden;padding:0;position:absolute;width:1px}.is-visuallyHidden.focusable:active,.is-visuallyHidden.focusable:focus{clip:auto;height:auto;margin:0;overflow:visible;position:static;width:auto}.is-invisible{visibility:hidden}.u-pointer{cursor:pointer}.is-sticky{position:fixed;transition:top .2s ease;width:100%;z-index:100}.u-sticky{position:-webkit-sticky!important;position:sticky!important;top:16px}.u-absolutelyCentered{position:absolute;right:50%;top:50%;transform:translate(50%,-50%)}.u-noWrap{white-space:nowrap}.u-uppercase{text-transform:uppercase}.u-textPad{padding-left:32px!important}.u-text-truncate{overflow:hidden;text-overflow:ellipsis;white-space:nowrap}.u-noUnderline{text-decoration:none}.u-noUnderline:active,.u-noUnderline:focus,.u-noUnderline:hover{text-decoration:underline}.u-text-center,.u-text-centre{text-align:center}.u-text-left{text-align:left}.u-text-right{text-align:right}.u-text-highlight{color:#d50525}em.u-text-highlight{font-style:normal}.u-text-indent{margin-left:16px}.u-color-link,.u-color-text{color:#242e30}.u-color-secondary{color:#125fca}.u-color-text--hint{color:#3c4c4f}.u-color-text--success{color:#017a39}.u-color-text--danger{color:#d50525}.u-color-text--warning{color:#242e30}.u-noSpacing{margin:0!important}.u-spacingTop{margin-top:8px!important}.u-spacingTop--small{margin-top:4px!important}.u-spacingTop--large{margin-top:16px!important}.u-spacingRight{margin-right:8px!important}.u-spacingBottom{margin-bottom:8px!important}.u-spacingBottom--large{margin-bottom:16px!important}@media (min-width:48em){.u-spacingBottom--large--aboveMid{margin-bottom:16px}}.u-spacingLeft{margin-left:8px!important}.u-noPad{padding:0!important}.u-padTop{padding-top:8px!important}.u-padTop--large{padding-top:16px!important}@media (min-width:48em){.u-padTop--large--aboveMid{padding-top:16px!important}}.u-overlay{background-color:rgba(0,0,0,.5);bottom:0;left:0;position:fixed;right:0;top:0}.u-overlay--after:after{background-color:rgba(0,0,0,.5);bottom:0;content:"";left:0;position:fixed;right:0;top:0;z-index:1}.u-preventScroll{overflow:hidden}[data-lazy-image-src]{display:block}.no-js [data-lazy-image-src]{display:none}.u-shadowBottom--belowMid{padding-bottom:56px}@media (max-width:47.999em){.u-shadowBottom--belowMid:after{background-color:#f5f3f1;border:0;box-shadow:inset 0 2px 4px 0 rgba(0,0,0,.1);content:"";display:block;height:56px;left:-8px;position:absolute;width:100vw}}.u-noBackground{background:none!important}.u-hover--cursor:hover{cursor:pointer!important}.u-spacing{margin:8px!important}.u-spacing-a{margin:4px!important}.u-spacing-b{margin:8px!important}.u-spacing-c{margin:12px!important}.u-spacing-d{margin:16px!important}.u-spacing-e{margin:24px!important}.u-spacing-f{margin:32px!important}.u-spacing-g{margin:40px!important}.u-spacing-h{margin:56px!important}.u-spacing-i{margin:64px!important}.u-spacing-j{margin:80px!important}.u-spacing--top{margin-top:8px!important}.u-spacing-a--top{margin-top:4px!important}.u-spacing-b--top{margin-top:8px!important}.u-spacing-c--top{margin-top:12px!important}.u-spacing-d--top{margin-top:16px!important}.u-spacing-e--top{margin-top:24px!important}.u-spacing-f--top{margin-top:32px!important}.u-spacing-g--top{margin-top:40px!important}.u-spacing-h--top{margin-top:56px!important}.u-spacing-i--top{margin-top:64px!important}.u-spacing-j--top{margin-top:80px!important}.u-spacing--bottom{margin-bottom:8px!important}.u-spacing-a--bottom{margin-bottom:4px!important}.u-spacing-b--bottom{margin-bottom:8px!important}.u-spacing-c--bottom{margin-bottom:12px!important}.u-spacing-d--bottom{margin-bottom:16px!important}.u-spacing-e--bottom{margin-bottom:24px!important}.u-spacing-f--bottom{margin-bottom:32px!important}.u-spacing-g--bottom{margin-bottom:40px!important}.u-spacing-h--bottom{margin-bottom:56px!important}.u-spacing-i--bottom{margin-bottom:64px!important}.u-spacing-j--bottom{margin-bottom:80px!important}.u-spacing--left{margin-left:8px!important}.u-spacing-a--left{margin-left:4px!important}.u-spacing-b--left{margin-left:8px!important}.u-spacing-c--left{margin-left:12px!important}.u-spacing-d--left{margin-left:16px!important}.u-spacing-e--left{margin-left:24px!important}.u-spacing-f--left{margin-left:32px!important}.u-spacing-g--left{margin-left:40px!important}.u-spacing-h--left{margin-left:56px!important}.u-spacing-i--left{margin-left:64px!important}.u-spacing-j--left{margin-left:80px!important}.u-spacing--right{margin-right:8px!important}.u-spacing-a--right{margin-right:4px!important}.u-spacing-b--right{margin-right:8px!important}.u-spacing-c--right{margin-right:12px!important}.u-spacing-d--right{margin-right:16px!important}.u-spacing-e--right{margin-right:24px!important}.u-spacing-f--right{margin-right:32px!important}.u-spacing-g--right{margin-right:40px!important}.u-spacing-h--right{margin-right:56px!important}.u-spacing-i--right{margin-right:64px!important}.u-spacing-j--right{margin-right:80px!important}.u-spacing--horizontal{margin-left:8px!important;margin-right:8px!important}.u-spacing-a--horizontal{margin-left:4px!important;margin-right:4px!important}.u-spacing-b--horizontal{margin-left:8px!important;margin-right:8px!important}.u-spacing-c--horizontal{margin-left:12px!important;margin-right:12px!important}.u-spacing-d--horizontal{margin-left:16px!important;margin-right:16px!important}.u-spacing-e--horizontal{margin-left:24px!important;margin-right:24px!important}.u-spacing-f--horizontal{margin-left:32px!important;margin-right:32px!important}.u-spacing-g--horizontal{margin-left:40px!important;margin-right:40px!important}.u-spacing-h--horizontal{margin-left:56px!important;margin-right:56px!important}.u-spacing-i--horizontal{margin-left:64px!important;margin-right:64px!important}.u-spacing-j--horizontal{margin-left:80px!important;margin-right:80px!important}.u-spacing--vertical{margin-bottom:8px!important;margin-top:8px!important}.u-spacing-a--vertical{margin-bottom:4px!important;margin-top:4px!important}.u-spacing-b--vertical{margin-bottom:8px!important;margin-top:8px!important}.u-spacing-c--vertical{margin-bottom:12px!important;margin-top:12px!important}.u-spacing-d--vertical{margin-bottom:16px!important;margin-top:16px!important}.u-spacing-e--vertical{margin-bottom:24px!important;margin-top:24px!important}.u-spacing-f--vertical{margin-bottom:32px!important;margin-top:32px!important}.u-spacing-g--vertical{margin-bottom:40px!important;margin-top:40px!important}.u-spacing-h--vertical{margin-bottom:56px!important;margin-top:56px!important}.u-spacing-i--vertical{margin-bottom:64px!important;margin-top:64px!important}.u-spacing-j--vertical{margin-bottom:80px!important;margin-top:80px!important}.u-pad{padding:8px!important}.u-pad-a{padding:4px!important}.u-pad-b{padding:8px!important}.u-pad-c{padding:12px!important}.u-pad-d{padding:16px!important}.u-pad-e{padding:24px!important}.u-pad-f{padding:32px!important}.u-pad-g{padding:40px!important}.u-pad-h{padding:56px!important}.u-pad-i{padding:64px!important}.u-pad-j{padding:80px!important}.u-pad--top{padding-top:8px!important}.u-pad-a--top{padding-top:4px!important}.u-pad-b--top{padding-top:8px!important}.u-pad-c--top{padding-top:12px!important}.u-pad-d--top{padding-top:16px!important}.u-pad-e--top{padding-top:24px!important}.u-pad-f--top{padding-top:32px!important}.u-pad-g--top{padding-top:40px!important}.u-pad-h--top{padding-top:56px!important}.u-pad-i--top{padding-top:64px!important}.u-pad-j--top{padding-top:80px!important}.u-pad--bottom{padding-bottom:8px!important}.u-pad-a--bottom{padding-bottom:4px!important}.u-pad-b--bottom{padding-bottom:8px!important}.u-pad-c--bottom{padding-bottom:12px!important}.u-pad-d--bottom{padding-bottom:16px!important}.u-pad-e--bottom{padding-bottom:24px!important}.u-pad-f--bottom{padding-bottom:32px!important}.u-pad-g--bottom{padding-bottom:40px!important}.u-pad-h--bottom{padding-bottom:56px!important}.u-pad-i--bottom{padding-bottom:64px!important}.u-pad-j--bottom{padding-bottom:80px!important}.u-pad--left{padding-left:8px!important}.u-pad-a--left{padding-left:4px!important}.u-pad-b--left{padding-left:8px!important}.u-pad-c--left{padding-left:12px!important}.u-pad-d--left{padding-left:16px!important}.u-pad-e--left{padding-left:24px!important}.u-pad-f--left{padding-left:32px!important}.u-pad-g--left{padding-left:40px!important}.u-pad-h--left{padding-left:56px!important}.u-pad-i--left{padding-left:64px!important}.u-pad-j--left{padding-left:80px!important}.u-pad--right{padding-right:8px!important}.u-pad-a--right{padding-right:4px!important}.u-pad-b--right{padding-right:8px!important}.u-pad-c--right{padding-right:12px!important}.u-pad-d--right{padding-right:16px!important}.u-pad-e--right{padding-right:24px!important}.u-pad-f--right{padding-right:32px!important}.u-pad-g--right{padding-right:40px!important}.u-pad-h--right{padding-right:56px!important}.u-pad-i--right{padding-right:64px!important}.u-pad-j--right{padding-right:80px!important}.u-pad--horizontal{padding-left:8px!important;padding-right:8px!important}.u-pad-a--horizontal{padding-left:4px!important;padding-right:4px!important}.u-pad-b--horizontal{padding-left:8px!important;padding-right:8px!important}.u-pad-c--horizontal{padding-left:12px!important;padding-right:12px!important}.u-pad-d--horizontal{padding-left:16px!important;padding-right:16px!important}.u-pad-e--horizontal{padding-left:24px!important;padding-right:24px!important}.u-pad-f--horizontal{padding-left:32px!important;padding-right:32px!important}.u-pad-g--horizontal{padding-left:40px!important;padding-right:40px!important}.u-pad-h--horizontal{padding-left:56px!important;padding-right:56px!important}.u-pad-i--horizontal{padding-left:64px!important;padding-right:64px!important}.u-pad-j--horizontal{padding-left:80px!important;padding-right:80px!important}.u-pad--vertical{padding-bottom:8px!important;padding-top:8px!important}.u-pad-a--vertical{padding-bottom:4px!important;padding-top:4px!important}.u-pad-b--vertical{padding-bottom:8px!important;padding-top:8px!important}.u-pad-c--vertical{padding-bottom:12px!important;padding-top:12px!important}.u-pad-d--vertical{padding-bottom:16px!important;padding-top:16px!important}.u-pad-e--vertical{padding-bottom:24px!important;padding-top:24px!important}.u-pad-f--vertical{padding-bottom:32px!important;padding-top:32px!important}.u-pad-g--vertical{padding-bottom:40px!important;padding-top:40px!important}.u-pad-h--vertical{padding-bottom:56px!important;padding-top:56px!important}.u-pad-i--vertical{padding-bottom:64px!important;padding-top:64px!important}.u-pad-j--vertical{padding-bottom:80px!important;padding-top:80px!important}@media (min-width:25.875em){.u-showBelowNarrow{display:none!important}}@media (min-width:48em){.u-showBelowMid{display:none!important}}@media (min-width:64.0625em){.u-showBelowWide{display:none!important}}@media (min-width:80em){.u-showBelowHuge{display:none!important}}@media (max-width:25.875em){.u-showAboveNarrow{display:none!important}}@media (max-width:23.4375em){.u-showAboveTiny{display:none!important}}@media (max-width:47.999em){.no-js .u-showAboveMid--noJS,.u-showAboveMid{display:none!important}}@media (max-width:64.0615em){.u-showAboveWide{display:none!important}}@media (max-width:79.999em){.u-showAboveHuge{display:none!important}}"`;

exports[`fozzie-utilities sourcemap file compiles the expected sourcemap file 1`] = `"{"version":3,"sources":["../../src/scss/trumps/_utilities.scss","fozzie-utilities.css","../../src/scss/tools/mixins/_border.scss","../../node_modules/@justeat/pie-design-tokens/dist/jet.scss","../../node_modules/include-media/dist/_include-media.scss","../../src/scss/tools/mixins/_truncate.scss","../../src/scss/tools/mixins/_utilities.scss","../../src/scss/trumps/_spacing.scss","../../src/scss/trumps/_rwd.scss"],"names":[],"mappings":"AASA;EACI,6BAAA;EACA,4BAAA;EACA,SAAA;EACA,cAAA;EACA,cAAA;EACA,gBAAA;EACA,gBAAA;EACA,mBAAA;ACRJ;ADUI;EACI,aAAA;ACRR;;ADYA;EACI,0BAAA;ACTJ;;ADYA;EACI,aAAA;EACA,cAAA;EACA,UAAA;EACA,gBAAA;EACA,sBAAA;ACTJ;ADWI;EACI,gBAAA;ACTR;ADWQ;EACI,aAAA;ACTZ;;ADcA;EACI,iBAAA;EACA,mBAAA;EACA,gBAAA;ACXJ;;ADcA;EE/BI,yBAAA;EACA,aAFoE;EAGpE,kBC0VQ;AFrUZ;;ADYA;EACI,aAAA;EACA,6BAAA;ACTJ;;ADYA;;EACI,aAAA;ACRJ;;ADWA;EACI,+BAAA;ACRJ;;ADuBQ;EACI,YAAA;EACA,cAAA;EACA,WAAA;ACpBZ;;AD2BI;EACI,sBG9CM;AFsBd;;AD8BI;EACI,uBAAA;AC3BR;;AGigBI;EJ/dA;IErFA,yBAAA;IACA,aAFoE;IAGpE,kBC0VQ;EFlSV;AACF;;ADoCI;;EAEI,wBAAA;EACA,6BAAA;ACjCR;;ADoCI;;EAEI,yBAAA;EACA,8BAAA;ACjCR;;ADqCI;EACI,SAAA;EACA,mBAAA;EACA,WAAA;EACA,YAAA;EACA,gBAAA;EACA,UAAA;EACA,kBAAA;EACA,UAAA;AClCR;ADqCQ;EAEI,UAAA;EACA,YAAA;EACA,SAAA;EACA,iBAAA;EACA,gBAAA;EACA,WAAA;ACpCZ;;ADyCI;EAAgB,kBAAA;ACrCpB;;ADuCI;EACI,eAAA;ACpCR;;AD0CI;EACI,WAAA;EACA,YAAA;EACA,eAAA;EACA,yBAAA;ACvCR;;AD0CI;EACI,mCAAA;EAAA,2BAAA;EACA,SAAA;ACvCR;;AD0CI;EACI,kBAAA;EACA,QAAA;EACA,UAAA;EACA,+BAAA;ACvCR;;AD8CI;EACI,mBAAA;AC3CR;;AD8CI;EACI,yBAAA;AC3CR;;AD8CI;EACI,6BAAA;AC3CR;;AD8CI;EKvLA,mBAAA;EACA,gBAAA;EACA,uBAAA;AJ6IJ;;AD4CI;EACI,qBAAA;ACzCR;AD2CQ;EAGI,0BAAA;AC3CZ;;AD+CI;;EAEI,kBAAA;AC5CR;;AD+CI;EACI,gBAAA;AC5CR;;AD+CI;EACI,iBAAA;AC5CR;;AD+CI;EACI,cG1LI;AF8IZ;AD8CiB;EACL,kBAAA;AC5CZ;;ADgDI;EACI,iBAAA;AC7CR;;AD0DI;EACI,cGxOY;AFiLpB;;AD0DI;EACI,cG5OY;AFqLpB;;AD0DI;EACI,cG1PK;AFmMb;;AD0DI;EACI,cGtPY;AF+LpB;;AD0DI;EACI,cGvPM;AFgMd;;AD0DI;EACI,cGpOI;AF6KZ;;AD0DI;EACI,cGhQY;AFyMpB;;AD6DI;EACI,oBAAA;AC1DR;;AD6DI;EACI,0BAAA;AC1DR;;AD6DQ;EACI,0BAAA;AC1DZ;;AD6DQ;EACI,2BAAA;AC1DZ;;AD6DI;EACI,4BAAA;AC1DR;;AD6DI;EACI,6BAAA;AC1DR;;AD6DQ;EACI,8BAAA;AC1DZ;;AGsVI;EJzRI;IAEQ,mBAAA;EC1Dd;AACF;;AD6DI;EACI,2BAAA;AC1DR;;ADgEI;EACI,qBAAA;AC7DR;;ADgEI;EACI,2BAAA;AC7DR;;ADgEQ;EACI,4BAAA;AC7DZ;;AGgUI;EJhQI;IAEQ,4BAAA;EC7Dd;AACF;;ADmEI;EACI,oCAAA;EACA,SAAA;EACA,OAAA;EACA,eAAA;EACA,QAAA;EACA,MAAA;AChER;;ADoEY;EACI,oCAAA;EACA,SAAA;EACA,WAAA;EACA,OAAA;EACA,eAAA;EACA,QAAA;EACA,MAAA;EACA,UAAA;ACjEhB;;ADqEI;EACI,gBAAA;AClER;;ADwEI;EACI,cAAA;ACrER;ADuEQ;EACI,aAAA;ACrEZ;;ADqHI;EACI,oBAAA;AClHR;AGuRI;EJlKQ;IACI,yBGpZM;IHqZN,SAAA;IACA,gDAAA;IACA,WAAA;IACA,cAAA;IACA,YAAA;IACA,UAAA;IACA,kBAAA;IACA,YAAA;EClHd;AACF;;ADsHI;EACI,2BAAA;ACnHR;;ADuHQ;EACI,0BAAA;ACpHZ;;AKxRQ;ECXA,sBAAA;ANuSR;;AK5RQ;ECXA,sBAAA;AN2SR;;AKhSQ;ECXA,sBAAA;AN+SR;;AKpSQ;ECXA,uBAAA;ANmTR;;AKxSQ;ECXA,uBAAA;ANuTR;;AK5SQ;ECXA,uBAAA;AN2TR;;AKhTQ;ECXA,uBAAA;AN+TR;;AKpTQ;ECXA,uBAAA;ANmUR;;AKxTQ;ECXA,uBAAA;ANuUR;;AK5TQ;ECXA,uBAAA;AN2UR;;AKhUQ;ECXA,uBAAA;AN+UR;;AKpUQ;ECPA,0BAAA;AN+UR;;AKxUQ;ECPA,0BAAA;ANmVR;;AK5UQ;ECPA,0BAAA;ANuVR;;AKhVQ;ECPA,2BAAA;AN2VR;;AKpVQ;ECPA,2BAAA;AN+VR;;AKxVQ;ECPA,2BAAA;ANmWR;;AK5VQ;ECPA,2BAAA;ANuWR;;AKhWQ;ECPA,2BAAA;AN2WR;;AKpWQ;ECPA,2BAAA;AN+WR;;AKxWQ;ECPA,2BAAA;ANmXR;;AK5WQ;ECPA,2BAAA;ANuXR;;AKhXQ;ECHA,6BAAA;ANuXR;;AKpXQ;ECHA,6BAAA;AN2XR;;AKxXQ;ECHA,6BAAA;AN+XR;;AK5XQ;ECHA,8BAAA;ANmYR;;AKhYQ;ECHA,8BAAA;ANuYR;;AKpYQ;ECHA,8BAAA;AN2YR;;AKxYQ;ECHA,8BAAA;AN+YR;;AK5YQ;ECHA,8BAAA;ANmZR;;AKhZQ;ECHA,8BAAA;ANuZR;;AKpZQ;ECHA,8BAAA;AN2ZR;;AKxZQ;ECHA,8BAAA;AN+ZR;;AK5ZQ;ECCA,2BAAA;AN+ZR;;AKhaQ;ECCA,2BAAA;ANmaR;;AKpaQ;ECCA,2BAAA;ANuaR;;AKxaQ;ECCA,4BAAA;AN2aR;;AK5aQ;ECCA,4BAAA;AN+aR;;AKhbQ;ECCA,4BAAA;ANmbR;;AKpbQ;ECCA,4BAAA;ANubR;;AKxbQ;ECCA,4BAAA;AN2bR;;AK5bQ;ECCA,4BAAA;AN+bR;;AKhcQ;ECCA,4BAAA;ANmcR;;AKpcQ;ECCA,4BAAA;ANucR;;AKxcQ;ECKA,4BAAA;ANucR;;AK5cQ;ECKA,4BAAA;AN2cR;;AKhdQ;ECKA,4BAAA;AN+cR;;AKpdQ;ECKA,6BAAA;ANmdR;;AKxdQ;ECKA,6BAAA;ANudR;;AK5dQ;ECKA,6BAAA;AN2dR;;AKheQ;ECKA,6BAAA;AN+dR;;AKpeQ;ECKA,6BAAA;ANmeR;;AKxeQ;ECKA,6BAAA;ANueR;;AK5eQ;ECKA,6BAAA;AN2eR;;AKhfQ;ECKA,6BAAA;AN+eR;;AKpfQ;ECSA,2BAAA;EACA,4BAAA;AN+eR;;AKzfQ;ECSA,2BAAA;EACA,4BAAA;ANofR;;AK9fQ;ECSA,2BAAA;EACA,4BAAA;ANyfR;;AKngBQ;ECSA,4BAAA;EACA,6BAAA;AN8fR;;AKxgBQ;ECSA,4BAAA;EACA,6BAAA;ANmgBR;;AK7gBQ;ECSA,4BAAA;EACA,6BAAA;ANwgBR;;AKlhBQ;ECSA,4BAAA;EACA,6BAAA;AN6gBR;;AKvhBQ;ECSA,4BAAA;EACA,6BAAA;ANkhBR;;AK5hBQ;ECSA,4BAAA;EACA,6BAAA;ANuhBR;;AKjiBQ;ECSA,4BAAA;EACA,6BAAA;AN4hBR;;AKtiBQ;ECSA,4BAAA;EACA,6BAAA;ANiiBR;;AK3iBQ;ECcA,6BAAA;EACA,0BAAA;ANiiBR;;AKhjBQ;ECcA,6BAAA;EACA,0BAAA;ANsiBR;;AKrjBQ;ECcA,6BAAA;EACA,0BAAA;AN2iBR;;AK1jBQ;ECcA,8BAAA;EACA,2BAAA;ANgjBR;;AK/jBQ;ECcA,8BAAA;EACA,2BAAA;ANqjBR;;AKpkBQ;ECcA,8BAAA;EACA,2BAAA;AN0jBR;;AKzkBQ;ECcA,8BAAA;EACA,2BAAA;AN+jBR;;AK9kBQ;ECcA,8BAAA;EACA,2BAAA;ANokBR;;AKnlBQ;ECcA,8BAAA;EACA,2BAAA;ANykBR;;AKxlBQ;ECcA,8BAAA;EACA,2BAAA;AN8kBR;;AK7lBQ;ECcA,8BAAA;EACA,2BAAA;ANmlBR;;AKlmBQ;ECsBA,uBAAA;ANglBR;;AKtmBQ;ECsBA,uBAAA;ANolBR;;AK1mBQ;ECsBA,uBAAA;ANwlBR;;AK9mBQ;ECsBA,wBAAA;AN4lBR;;AKlnBQ;ECsBA,wBAAA;ANgmBR;;AKtnBQ;ECsBA,wBAAA;ANomBR;;AK1nBQ;ECsBA,wBAAA;ANwmBR;;AK9nBQ;ECsBA,wBAAA;AN4mBR;;AKloBQ;ECsBA,wBAAA;ANgnBR;;AKtoBQ;ECsBA,wBAAA;ANonBR;;AK1oBQ;ECsBA,wBAAA;ANwnBR;;AK9oBQ;EC0BA,2BAAA;ANwnBR;;AKlpBQ;EC0BA,2BAAA;AN4nBR;;AKtpBQ;EC0BA,2BAAA;ANgoBR;;AK1pBQ;EC0BA,4BAAA;ANooBR;;AK9pBQ;EC0BA,4BAAA;ANwoBR;;AKlqBQ;EC0BA,4BAAA;AN4oBR;;AKtqBQ;EC0BA,4BAAA;ANgpBR;;AK1qBQ;EC0BA,4BAAA;ANopBR;;AK9qBQ;EC0BA,4BAAA;ANwpBR;;AKlrBQ;EC0BA,4BAAA;AN4pBR;;AKtrBQ;EC0BA,4BAAA;ANgqBR;;AK1rBQ;EC8BA,8BAAA;ANgqBR;;AK9rBQ;EC8BA,8BAAA;ANoqBR;;AKlsBQ;EC8BA,8BAAA;ANwqBR;;AKtsBQ;EC8BA,+BAAA;AN4qBR;;AK1sBQ;EC8BA,+BAAA;ANgrBR;;AK9sBQ;EC8BA,+BAAA;ANorBR;;AKltBQ;EC8BA,+BAAA;ANwrBR;;AKttBQ;EC8BA,+BAAA;AN4rBR;;AK1tBQ;EC8BA,+BAAA;ANgsBR;;AK9tBQ;EC8BA,+BAAA;ANosBR;;AKluBQ;EC8BA,+BAAA;ANwsBR;;AKtuBQ;ECkCA,4BAAA;ANwsBR;;AK1uBQ;ECkCA,4BAAA;AN4sBR;;AK9uBQ;ECkCA,4BAAA;ANgtBR;;AKlvBQ;ECkCA,6BAAA;ANotBR;;AKtvBQ;ECkCA,6BAAA;ANwtBR;;AK1vBQ;ECkCA,6BAAA;AN4tBR;;AK9vBQ;ECkCA,6BAAA;ANguBR;;AKlwBQ;ECkCA,6BAAA;ANouBR;;AKtwBQ;ECkCA,6BAAA;ANwuBR;;AK1wBQ;ECkCA,6BAAA;AN4uBR;;AK9wBQ;ECkCA,6BAAA;ANgvBR;;AKlxBQ;ECsCA,6BAAA;ANgvBR;;AKtxBQ;ECsCA,6BAAA;ANovBR;;AK1xBQ;ECsCA,6BAAA;ANwvBR;;AK9xBQ;ECsCA,8BAAA;AN4vBR;;AKlyBQ;ECsCA,8BAAA;ANgwBR;;AKtyBQ;ECsCA,8BAAA;ANowBR;;AK1yBQ;ECsCA,8BAAA;ANwwBR;;AK9yBQ;ECsCA,8BAAA;AN4wBR;;AKlzBQ;ECsCA,8BAAA;ANgxBR;;AKtzBQ;ECsCA,8BAAA;ANoxBR;;AK1zBQ;ECsCA,8BAAA;ANwxBR;;AK9zBQ;EC0CA,4BAAA;EACA,6BAAA;ANwxBR;;AKn0BQ;EC0CA,4BAAA;EACA,6BAAA;AN6xBR;;AKx0BQ;EC0CA,4BAAA;EACA,6BAAA;ANkyBR;;AK70BQ;EC0CA,6BAAA;EACA,8BAAA;ANuyBR;;AKl1BQ;EC0CA,6BAAA;EACA,8BAAA;AN4yBR;;AKv1BQ;EC0CA,6BAAA;EACA,8BAAA;ANizBR;;AK51BQ;EC0CA,6BAAA;EACA,8BAAA;ANszBR;;AKj2BQ;EC0CA,6BAAA;EACA,8BAAA;AN2zBR;;AKt2BQ;EC0CA,6BAAA;EACA,8BAAA;ANg0BR;;AK32BQ;EC0CA,6BAAA;EACA,8BAAA;ANq0BR;;AKh3BQ;EC0CA,6BAAA;EACA,8BAAA;AN00BR;;AKr3BQ;EC+CA,8BAAA;EACA,2BAAA;AN00BR;;AK13BQ;EC+CA,8BAAA;EACA,2BAAA;AN+0BR;;AK/3BQ;EC+CA,8BAAA;EACA,2BAAA;ANo1BR;;AKp4BQ;EC+CA,+BAAA;EACA,4BAAA;ANy1BR;;AKz4BQ;EC+CA,+BAAA;EACA,4BAAA;AN81BR;;AK94BQ;EC+CA,+BAAA;EACA,4BAAA;ANm2BR;;AKn5BQ;EC+CA,+BAAA;EACA,4BAAA;ANw2BR;;AKx5BQ;EC+CA,+BAAA;EACA,4BAAA;AN62BR;;AK75BQ;EC+CA,+BAAA;EACA,4BAAA;ANk3BR;;AKl6BQ;EC+CA,+BAAA;EACA,4BAAA;ANu3BR;;AKv6BQ;EC+CA,+BAAA;EACA,4BAAA;AN43BR;;AGlZI;EI5jBA;IAEQ,wBAAA;EPi9BV;AACF;;AGxZI;EItjBA;IAEQ,wBAAA;EPi9BV;AACF;;AG9ZI;EIhjBA;IAEQ,wBAAA;EPi9BV;AACF;;AGpaI;EI1iBA;IAEQ,wBAAA;EPi9BV;AACF;;AG1aI;EIpiBA;IAEQ,wBAAA;EPi9BV;AACF;;AGhbI;EI9hBA;IAEQ,wBAAA;EPi9BV;AACF;;AGtbI;EIxhBA;;IAGQ,wBAAA;EPi9BV;AACF;;AG7bI;EIjhBA;IAEQ,wBAAA;EPi9BV;AACF;;AGncI;EI3gBA;IAEQ,wBAAA;EPi9BV;AACF","file":"fozzie-utilities.css"}"`;
